se/swedenconnect/opensaml/saml2/attribute/AttributeBuilder.class
se/swedenconnect/opensaml/saml2/attribute/AttributeUtils.class
se/swedenconnect/opensaml/saml2/metadata/scope/impl/ScopeUnmarshaller.class
se/swedenconnect/opensaml/saml2/metadata/build/ContactPersonBuilder.class
se/swedenconnect/opensaml/saml2/assertion/validation/AssertionValidationParametersBuilder.class
se/swedenconnect/opensaml/saml2/request/AuthnRequestGeneratorContext$NameIDPolicyBuilderFunction.class
se/swedenconnect/opensaml/saml2/metadata/build/OrganizationBuilder.class
se/swedenconnect/opensaml/saml2/metadata/build/IDPSSODescriptorBuilder.class
se/swedenconnect/opensaml/saml2/request/AuthnRequestGeneratorContext.class
se/swedenconnect/opensaml/saml2/metadata/provider/AbstractMetadataProvider.class
se/swedenconnect/opensaml/saml2/attribute/AttributeConstants.class
se/swedenconnect/opensaml/saml2/request/RedirectRequestHttpObject.class
se/swedenconnect/opensaml/saml2/metadata/provider/AbstractMetadataProvider$EntityDescriptorIterator.class
se/swedenconnect/opensaml/saml2/assertion/validation/AssertionValidator.class
se/swedenconnect/opensaml/saml2/metadata/build/UIInfoBuilder.class
se/swedenconnect/opensaml/saml2/response/ResponseProcessingInput.class
se/swedenconnect/opensaml/saml2/core/build/AbstractRequestBuilder.class
se/swedenconnect/opensaml/saml2/metadata/AbstractMetadataContainer.class
se/swedenconnect/opensaml/saml2/metadata/EntitiesDescriptorContainer.class
se/swedenconnect/opensaml/saml2/request/PostRequestHttpObject.class
se/swedenconnect/opensaml/saml2/core/build/ScopingBuilder.class
se/swedenconnect/opensaml/common/validation/AbstractSignableObjectValidator.class
se/swedenconnect/opensaml/common/validation/ValidationSupport.class
se/swedenconnect/opensaml/saml2/metadata/provider/MetadataProviderPredicates.class
se/swedenconnect/opensaml/saml2/metadata/build/RequestedAttributeBuilder.class
se/swedenconnect/opensaml/saml2/request/RequestHttpObject.class
se/swedenconnect/opensaml/saml2/assertion/validation/AuthnStatementValidator.class
se/swedenconnect/opensaml/saml2/request/AuthnRequestGeneratorContext$AuthnRequestCustomizer.class
se/swedenconnect/opensaml/config/XMLObjectProviderInitializer.class
se/swedenconnect/opensaml/saml2/metadata/MetadataContainer.class
se/swedenconnect/opensaml/saml2/request/AbstractAuthnRequestGenerator.class
se/swedenconnect/opensaml/saml2/metadata/build/ScopeBuilder.class
se/swedenconnect/opensaml/saml2/metadata/EntityDescriptorContainer.class
se/swedenconnect/opensaml/saml2/metadata/build/AttributeConsumingServiceBuilder.class
se/swedenconnect/opensaml/saml2/response/ResponseProcessorImpl.class
se/swedenconnect/opensaml/saml2/core/build/AbstractAuthnRequestBuilder.class
se/swedenconnect/opensaml/saml2/metadata/provider/StaticMetadataProvider.class
se/swedenconnect/opensaml/saml2/response/ResponseProcessorImpl$1.class
se/swedenconnect/opensaml/common/validation/AbstractObjectValidator.class
se/swedenconnect/opensaml/saml2/metadata/build/LogoBuilder.class
se/swedenconnect/opensaml/saml2/request/RequestGenerationException.class
se/swedenconnect/opensaml/saml2/metadata/build/EncryptionMethodBuilder.class
se/swedenconnect/opensaml/saml2/response/ResponseProcessingResult.class
se/swedenconnect/opensaml/saml2/response/ResponseProcessingResultImpl.class
se/swedenconnect/opensaml/saml2/request/AuthnRequestGeneratorContext$AttributeConsumingServiceIndexResolver.class
se/swedenconnect/opensaml/saml2/metadata/scope/ScopeUtils.class
se/swedenconnect/opensaml/saml2/metadata/build/ExtensionsBuilder.class
se/swedenconnect/opensaml/saml2/metadata/PeerMetadataResolver.class
se/swedenconnect/opensaml/common/utils/SamlLog.class
se/swedenconnect/opensaml/saml2/metadata/provider/MDQMetadataProvider.class
se/swedenconnect/opensaml/saml2/metadata/build/AbstractSSODescriptorBuilder.class
se/swedenconnect/opensaml/common/utils/LocalizedString.class
se/swedenconnect/opensaml/saml2/response/validation/AbstractResponseValidationParametersBuilder.class
se/swedenconnect/opensaml/saml2/response/validation/ResponseValidationSettings.class
se/swedenconnect/opensaml/saml2/attribute/AttributeTemplate.class
se/swedenconnect/opensaml/saml2/metadata/provider/HTTPMetadataProvider.class
se/swedenconnect/opensaml/saml2/metadata/build/DiscoveryResponseBuilder.class
se/swedenconnect/opensaml/saml2/request/AbstractAuthnRequestGenerator$1.class
se/swedenconnect/opensaml/common/builder/SAMLObjectBuilder.class
se/swedenconnect/opensaml/saml2/metadata/EntityDescriptorUtils.class
se/swedenconnect/opensaml/common/validation/AbstractValidationParametersBuilder.class
se/swedenconnect/opensaml/saml2/metadata/scope/impl/ScopeBuilder.class
se/swedenconnect/opensaml/saml2/metadata/build/EntityAttributesBuilder.class
se/swedenconnect/opensaml/saml2/metadata/scope/Scope.class
se/swedenconnect/opensaml/saml2/response/validation/ResponseValidationParametersBuilder.class
se/swedenconnect/opensaml/saml2/metadata/provider/FilesystemMetadataProvider.class
se/swedenconnect/opensaml/saml2/core/build/RequestedAuthnContextBuilder.class
se/swedenconnect/opensaml/saml2/metadata/scope/impl/ScopeMarshaller.class
se/swedenconnect/opensaml/saml2/request/AuthnRequestGeneratorContext$AssertionConsumerServiceResolver.class
se/swedenconnect/opensaml/common/builder/AbstractSAMLObjectBuilder.class
se/swedenconnect/opensaml/saml2/assertion/validation/AbstractAttributeStatementValidator.class
se/swedenconnect/opensaml/saml2/metadata/provider/CompositeMetadataProvider.class
se/swedenconnect/opensaml/saml2/metadata/build/EntityDescriptorBuilder.class
se/swedenconnect/opensaml/saml2/metadata/build/AssertionConsumerServiceBuilder.class
se/swedenconnect/opensaml/saml2/assertion/validation/AbstractAssertionValidationParametersBuilder.class
se/swedenconnect/opensaml/saml2/response/replay/MessageReplayChecker.class
se/swedenconnect/opensaml/common/validation/ObjectValidator.class
se/swedenconnect/opensaml/saml2/request/RequestHttpObjectBuilder.class
se/swedenconnect/opensaml/saml2/request/AuthnRequestGeneratorContext$HokRequirement.class
se/swedenconnect/opensaml/saml2/core/build/ExtensionsBuilder.class
se/swedenconnect/opensaml/saml2/request/AuthnRequestGeneratorContext$RequestedAuthnContextBuilderFunction.class
se/swedenconnect/opensaml/saml2/response/validation/ResponseValidator.class
se/swedenconnect/opensaml/saml2/metadata/build/SingleLogoutServiceBuilder.class
se/swedenconnect/opensaml/saml2/metadata/build/DigestMethodBuilder.class
se/swedenconnect/opensaml/saml2/metadata/build/SigningMethodBuilder.class
se/swedenconnect/opensaml/saml2/response/replay/InMemoryReplayChecker.class
se/swedenconnect/opensaml/saml2/metadata/scope/impl/ScopeImpl.class
se/swedenconnect/opensaml/saml2/response/ResponseStatusErrorException.class
se/swedenconnect/opensaml/saml2/metadata/HolderOfKeyMetadataSupport.class
se/swedenconnect/opensaml/saml2/core/build/NameIDPolicyBuilder.class
se/swedenconnect/opensaml/saml2/response/replay/MessageReplayCheckerImpl.class
se/swedenconnect/opensaml/common/builder/SAMLObjectBuilderRuntimeException.class
se/swedenconnect/opensaml/common/validation/ValidatorException.class
se/swedenconnect/opensaml/saml2/metadata/build/SingleSignOnServiceBuilder.class
se/swedenconnect/opensaml/common/validation/ValidationParametersBuilder.class
se/swedenconnect/opensaml/common/validation/CoreValidatorParameters.class
se/swedenconnect/opensaml/saml2/metadata/build/KeyDescriptorBuilder.class
se/swedenconnect/opensaml/saml2/metadata/build/SPSSODescriptorBuilder.class
se/swedenconnect/opensaml/saml2/response/ResponseProcessingException.class
se/swedenconnect/opensaml/saml2/metadata/provider/MetadataProvider.class
se/swedenconnect/opensaml/saml2/request/DefaultAuthnRequestGenerator.class
se/swedenconnect/opensaml/saml2/request/AuthnRequestGenerator.class
se/swedenconnect/opensaml/saml2/metadata/provider/MDQRequestURLBuilder.class
se/swedenconnect/opensaml/saml2/response/ResponseProcessor.class
se/swedenconnect/opensaml/saml2/response/replay/MessageReplayException.class
se/swedenconnect/opensaml/common/validation/ValidationSupport$ValidationResultException.class
se/swedenconnect/opensaml/saml2/response/validation/ResponseValidationException.class
se/swedenconnect/opensaml/saml2/metadata/provider/ProxyMetadataProvider.class
se/swedenconnect/opensaml/saml2/core/build/AuthnRequestBuilder.class
se/swedenconnect/opensaml/saml2/metadata/provider/CompositeMetadataProvider$CompositeMetadataResolverEx.class
