/Users/martin/dev/swedenconnect/opensaml/opensaml-addons/src/main/java/se/swedenconnect/opensaml/saml2/request/DefaultAuthnRequestGenerator.java
/Users/martin/dev/swedenconnect/opensaml/opensaml-addons/src/main/java/se/swedenconnect/opensaml/common/validation/ValidationParametersBuilder.java
/Users/martin/dev/swedenconnect/opensaml/opensaml-addons/src/main/java/se/swedenconnect/opensaml/saml2/response/ResponseStatusErrorException.java
/Users/martin/dev/swedenconnect/opensaml/opensaml-addons/src/main/java/se/swedenconnect/opensaml/saml2/metadata/scope/impl/ScopeUnmarshaller.java
/Users/martin/dev/swedenconnect/opensaml/opensaml-addons/src/main/java/se/swedenconnect/opensaml/saml2/metadata/build/DigestMethodBuilder.java
/Users/martin/dev/swedenconnect/opensaml/opensaml-addons/src/main/java/se/swedenconnect/opensaml/saml2/metadata/PeerMetadataResolver.java
/Users/martin/dev/swedenconnect/opensaml/opensaml-addons/src/main/java/se/swedenconnect/opensaml/saml2/response/replay/MessageReplayChecker.java
/Users/martin/dev/swedenconnect/opensaml/opensaml-addons/src/main/java/se/swedenconnect/opensaml/saml2/response/replay/MessageReplayCheckerImpl.java
/Users/martin/dev/swedenconnect/opensaml/opensaml-addons/src/main/java/se/swedenconnect/opensaml/saml2/metadata/provider/MetadataProviderPredicates.java
/Users/martin/dev/swedenconnect/opensaml/opensaml-addons/src/main/java/se/swedenconnect/opensaml/common/validation/ObjectValidator.java
/Users/martin/dev/swedenconnect/opensaml/opensaml-addons/src/main/java/se/swedenconnect/opensaml/saml2/response/ResponseProcessor.java
/Users/martin/dev/swedenconnect/opensaml/opensaml-addons/src/main/java/se/swedenconnect/opensaml/saml2/assertion/validation/AssertionValidationParametersBuilder.java
/Users/martin/dev/swedenconnect/opensaml/opensaml-addons/src/main/java/se/swedenconnect/opensaml/common/builder/AbstractSAMLObjectBuilder.java
/Users/martin/dev/swedenconnect/opensaml/opensaml-addons/src/main/java/se/swedenconnect/opensaml/common/validation/CoreValidatorParameters.java
/Users/martin/dev/swedenconnect/opensaml/opensaml-addons/src/main/java/se/swedenconnect/opensaml/saml2/response/validation/ResponseValidationParametersBuilder.java
/Users/martin/dev/swedenconnect/opensaml/opensaml-addons/src/main/java/se/swedenconnect/opensaml/saml2/metadata/build/package-info.java
/Users/martin/dev/swedenconnect/opensaml/opensaml-addons/src/main/java/se/swedenconnect/opensaml/saml2/response/replay/InMemoryReplayChecker.java
/Users/martin/dev/swedenconnect/opensaml/opensaml-addons/src/main/java/se/swedenconnect/opensaml/saml2/assertion/validation/AuthnStatementValidator.java
/Users/martin/dev/swedenconnect/opensaml/opensaml-addons/src/main/java/se/swedenconnect/opensaml/common/validation/AbstractValidationParametersBuilder.java
/Users/martin/dev/swedenconnect/opensaml/opensaml-addons/src/main/java/se/swedenconnect/opensaml/common/builder/SAMLObjectBuilder.java
/Users/martin/dev/swedenconnect/opensaml/opensaml-addons/src/main/java/se/swedenconnect/opensaml/saml2/core/build/NameIDPolicyBuilder.java
/Users/martin/dev/swedenconnect/opensaml/opensaml-addons/src/main/java/se/swedenconnect/opensaml/saml2/assertion/validation/AbstractAssertionValidationParametersBuilder.java
/Users/martin/dev/swedenconnect/opensaml/opensaml-addons/src/main/java/se/swedenconnect/opensaml/saml2/attribute/AttributeConstants.java
/Users/martin/dev/swedenconnect/opensaml/opensaml-addons/src/main/java/se/swedenconnect/opensaml/saml2/metadata/scope/impl/package-info.java
/Users/martin/dev/swedenconnect/opensaml/opensaml-addons/src/main/java/se/swedenconnect/opensaml/saml2/metadata/scope/ScopeUtils.java
/Users/martin/dev/swedenconnect/opensaml/opensaml-addons/src/main/java/se/swedenconnect/opensaml/saml2/metadata/build/KeyDescriptorBuilder.java
/Users/martin/dev/swedenconnect/opensaml/opensaml-addons/src/main/java/se/swedenconnect/opensaml/saml2/metadata/build/RequestedAttributeBuilder.java
/Users/martin/dev/swedenconnect/opensaml/opensaml-addons/src/main/java/se/swedenconnect/opensaml/saml2/metadata/provider/FilesystemMetadataProvider.java
/Users/martin/dev/swedenconnect/opensaml/opensaml-addons/src/main/java/se/swedenconnect/opensaml/config/XMLObjectProviderInitializer.java
/Users/martin/dev/swedenconnect/opensaml/opensaml-addons/src/main/java/se/swedenconnect/opensaml/saml2/metadata/build/SingleLogoutServiceBuilder.java
/Users/martin/dev/swedenconnect/opensaml/opensaml-addons/src/main/java/se/swedenconnect/opensaml/saml2/metadata/MetadataContainer.java
/Users/martin/dev/swedenconnect/opensaml/opensaml-addons/src/main/java/se/swedenconnect/opensaml/saml2/metadata/provider/MDQMetadataProvider.java
/Users/martin/dev/swedenconnect/opensaml/opensaml-addons/src/main/java/se/swedenconnect/opensaml/saml2/response/validation/ResponseValidationSettings.java
/Users/martin/dev/swedenconnect/opensaml/opensaml-addons/src/main/java/se/swedenconnect/opensaml/saml2/metadata/build/AbstractSSODescriptorBuilder.java
/Users/martin/dev/swedenconnect/opensaml/opensaml-addons/src/main/java/se/swedenconnect/opensaml/saml2/request/AuthnRequestGeneratorContext.java
/Users/martin/dev/swedenconnect/opensaml/opensaml-addons/src/main/java/se/swedenconnect/opensaml/saml2/attribute/AttributeBuilder.java
/Users/martin/dev/swedenconnect/opensaml/opensaml-addons/src/main/java/se/swedenconnect/opensaml/saml2/metadata/build/IDPSSODescriptorBuilder.java
/Users/martin/dev/swedenconnect/opensaml/opensaml-addons/src/main/java/se/swedenconnect/opensaml/common/validation/AbstractObjectValidator.java
/Users/martin/dev/swedenconnect/opensaml/opensaml-addons/src/main/java/se/swedenconnect/opensaml/common/validation/package-info.java
/Users/martin/dev/swedenconnect/opensaml/opensaml-addons/src/main/java/se/swedenconnect/opensaml/saml2/response/ResponseProcessingInput.java
/Users/martin/dev/swedenconnect/opensaml/opensaml-addons/src/main/java/se/swedenconnect/opensaml/saml2/request/PostRequestHttpObject.java
/Users/martin/dev/swedenconnect/opensaml/opensaml-addons/src/main/java/se/swedenconnect/opensaml/saml2/request/package-info.java
/Users/martin/dev/swedenconnect/opensaml/opensaml-addons/src/main/java/se/swedenconnect/opensaml/saml2/assertion/validation/AssertionValidator.java
/Users/martin/dev/swedenconnect/opensaml/opensaml-addons/src/main/java/se/swedenconnect/opensaml/common/builder/package-info.java
/Users/martin/dev/swedenconnect/opensaml/opensaml-addons/src/main/java/se/swedenconnect/opensaml/saml2/response/validation/AbstractResponseValidationParametersBuilder.java
/Users/martin/dev/swedenconnect/opensaml/opensaml-addons/src/main/java/se/swedenconnect/opensaml/saml2/response/ResponseProcessorImpl.java
/Users/martin/dev/swedenconnect/opensaml/opensaml-addons/src/main/java/se/swedenconnect/opensaml/common/utils/LocalizedString.java
/Users/martin/dev/swedenconnect/opensaml/opensaml-addons/src/main/java/se/swedenconnect/opensaml/saml2/response/ResponseProcessingResult.java
/Users/martin/dev/swedenconnect/opensaml/opensaml-addons/src/main/java/se/swedenconnect/opensaml/saml2/request/RequestHttpObject.java
/Users/martin/dev/swedenconnect/opensaml/opensaml-addons/src/main/java/se/swedenconnect/opensaml/saml2/core/build/RequestedAuthnContextBuilder.java
/Users/martin/dev/swedenconnect/opensaml/opensaml-addons/src/main/java/se/swedenconnect/opensaml/saml2/response/validation/package-info.java
/Users/martin/dev/swedenconnect/opensaml/opensaml-addons/src/main/java/se/swedenconnect/opensaml/saml2/attribute/AttributeTemplate.java
/Users/martin/dev/swedenconnect/opensaml/opensaml-addons/src/main/java/se/swedenconnect/opensaml/saml2/metadata/build/EntityAttributesBuilder.java
/Users/martin/dev/swedenconnect/opensaml/opensaml-addons/src/main/java/se/swedenconnect/opensaml/saml2/metadata/provider/HTTPMetadataProvider.java
/Users/martin/dev/swedenconnect/opensaml/opensaml-addons/src/main/java/se/swedenconnect/opensaml/common/builder/SAMLObjectBuilderRuntimeException.java
/Users/martin/dev/swedenconnect/opensaml/opensaml-addons/src/main/java/se/swedenconnect/opensaml/saml2/metadata/build/EntityDescriptorBuilder.java
/Users/martin/dev/swedenconnect/opensaml/opensaml-addons/src/main/java/se/swedenconnect/opensaml/saml2/metadata/build/ScopeBuilder.java
/Users/martin/dev/swedenconnect/opensaml/opensaml-addons/src/main/java/se/swedenconnect/opensaml/common/validation/ValidatorException.java
/Users/martin/dev/swedenconnect/opensaml/opensaml-addons/src/main/java/se/swedenconnect/opensaml/saml2/response/replay/MessageReplayException.java
/Users/martin/dev/swedenconnect/opensaml/opensaml-addons/src/main/java/se/swedenconnect/opensaml/saml2/response/validation/ResponseValidator.java
/Users/martin/dev/swedenconnect/opensaml/opensaml-addons/src/main/java/se/swedenconnect/opensaml/saml2/request/AuthnRequestGenerator.java
/Users/martin/dev/swedenconnect/opensaml/opensaml-addons/src/main/java/se/swedenconnect/opensaml/saml2/response/ResponseProcessingException.java
/Users/martin/dev/swedenconnect/opensaml/opensaml-addons/src/main/java/se/swedenconnect/opensaml/saml2/metadata/build/DiscoveryResponseBuilder.java
/Users/martin/dev/swedenconnect/opensaml/opensaml-addons/src/main/java/se/swedenconnect/opensaml/common/utils/SamlLog.java
/Users/martin/dev/swedenconnect/opensaml/opensaml-addons/src/main/java/se/swedenconnect/opensaml/saml2/request/RedirectRequestHttpObject.java
/Users/martin/dev/swedenconnect/opensaml/opensaml-addons/src/main/java/se/swedenconnect/opensaml/saml2/metadata/provider/AbstractMetadataProvider.java
/Users/martin/dev/swedenconnect/opensaml/opensaml-addons/src/main/java/se/swedenconnect/opensaml/saml2/metadata/provider/CompositeMetadataProvider.java
/Users/martin/dev/swedenconnect/opensaml/opensaml-addons/src/main/java/se/swedenconnect/opensaml/saml2/metadata/build/AttributeConsumingServiceBuilder.java
/Users/martin/dev/swedenconnect/opensaml/opensaml-addons/src/main/java/se/swedenconnect/opensaml/saml2/metadata/build/ContactPersonBuilder.java
/Users/martin/dev/swedenconnect/opensaml/opensaml-addons/src/main/java/se/swedenconnect/opensaml/saml2/metadata/build/SPSSODescriptorBuilder.java
/Users/martin/dev/swedenconnect/opensaml/opensaml-addons/src/main/java/se/swedenconnect/opensaml/saml2/response/validation/ResponseValidationException.java
/Users/martin/dev/swedenconnect/opensaml/opensaml-addons/src/main/java/se/swedenconnect/opensaml/saml2/metadata/scope/impl/ScopeImpl.java
/Users/martin/dev/swedenconnect/opensaml/opensaml-addons/src/main/java/se/swedenconnect/opensaml/saml2/attribute/AttributeUtils.java
/Users/martin/dev/swedenconnect/opensaml/opensaml-addons/src/main/java/se/swedenconnect/opensaml/saml2/metadata/EntityDescriptorContainer.java
/Users/martin/dev/swedenconnect/opensaml/opensaml-addons/src/main/java/se/swedenconnect/opensaml/saml2/core/build/AbstractAuthnRequestBuilder.java
/Users/martin/dev/swedenconnect/opensaml/opensaml-addons/src/main/java/se/swedenconnect/opensaml/saml2/request/RequestGenerationException.java
/Users/martin/dev/swedenconnect/opensaml/opensaml-addons/src/main/java/se/swedenconnect/opensaml/saml2/core/build/ScopingBuilder.java
/Users/martin/dev/swedenconnect/opensaml/opensaml-addons/src/main/java/se/swedenconnect/opensaml/saml2/metadata/build/AssertionConsumerServiceBuilder.java
/Users/martin/dev/swedenconnect/opensaml/opensaml-addons/src/main/java/se/swedenconnect/opensaml/saml2/metadata/provider/ProxyMetadataProvider.java
/Users/martin/dev/swedenconnect/opensaml/opensaml-addons/src/main/java/se/swedenconnect/opensaml/saml2/metadata/scope/impl/ScopeBuilder.java
/Users/martin/dev/swedenconnect/opensaml/opensaml-addons/src/main/java/se/swedenconnect/opensaml/saml2/metadata/scope/package-info.java
/Users/martin/dev/swedenconnect/opensaml/opensaml-addons/src/main/java/se/swedenconnect/opensaml/xmlsec/package-info.java
/Users/martin/dev/swedenconnect/opensaml/opensaml-addons/src/main/java/se/swedenconnect/opensaml/saml2/metadata/provider/MetadataProvider.java
/Users/martin/dev/swedenconnect/opensaml/opensaml-addons/src/main/java/se/swedenconnect/opensaml/saml2/core/build/AuthnRequestBuilder.java
/Users/martin/dev/swedenconnect/opensaml/opensaml-addons/src/main/java/se/swedenconnect/opensaml/saml2/response/ResponseProcessingResultImpl.java
/Users/martin/dev/swedenconnect/opensaml/opensaml-addons/src/main/java/se/swedenconnect/opensaml/saml2/assertion/validation/package-info.java
/Users/martin/dev/swedenconnect/opensaml/opensaml-addons/src/main/java/se/swedenconnect/opensaml/saml2/metadata/build/UIInfoBuilder.java
/Users/martin/dev/swedenconnect/opensaml/opensaml-addons/src/main/java/se/swedenconnect/opensaml/saml2/metadata/build/SingleSignOnServiceBuilder.java
/Users/martin/dev/swedenconnect/opensaml/opensaml-addons/src/main/java/se/swedenconnect/opensaml/saml2/request/RequestHttpObjectBuilder.java
/Users/martin/dev/swedenconnect/opensaml/opensaml-addons/src/main/java/se/swedenconnect/opensaml/saml2/response/package-info.java
/Users/martin/dev/swedenconnect/opensaml/opensaml-addons/src/main/java/se/swedenconnect/opensaml/config/package-info.java
/Users/martin/dev/swedenconnect/opensaml/opensaml-addons/src/main/java/se/swedenconnect/opensaml/saml2/metadata/scope/Scope.java
/Users/martin/dev/swedenconnect/opensaml/opensaml-addons/src/main/java/se/swedenconnect/opensaml/saml2/metadata/build/OrganizationBuilder.java
/Users/martin/dev/swedenconnect/opensaml/opensaml-addons/src/main/java/se/swedenconnect/opensaml/saml2/metadata/build/LogoBuilder.java
/Users/martin/dev/swedenconnect/opensaml/opensaml-addons/src/main/java/se/swedenconnect/opensaml/saml2/core/build/ExtensionsBuilder.java
/Users/martin/dev/swedenconnect/opensaml/opensaml-addons/src/main/java/se/swedenconnect/opensaml/saml2/core/build/AbstractRequestBuilder.java
/Users/martin/dev/swedenconnect/opensaml/opensaml-addons/src/main/java/se/swedenconnect/opensaml/saml2/request/AbstractAuthnRequestGenerator.java
/Users/martin/dev/swedenconnect/opensaml/opensaml-addons/src/main/java/se/swedenconnect/opensaml/saml2/attribute/package-info.java
/Users/martin/dev/swedenconnect/opensaml/opensaml-addons/src/main/java/se/swedenconnect/opensaml/saml2/metadata/build/SigningMethodBuilder.java
/Users/martin/dev/swedenconnect/opensaml/opensaml-addons/src/main/java/se/swedenconnect/opensaml/saml2/response/replay/package-info.java
/Users/martin/dev/swedenconnect/opensaml/opensaml-addons/src/main/java/se/swedenconnect/opensaml/saml2/metadata/provider/package-info.java
/Users/martin/dev/swedenconnect/opensaml/opensaml-addons/src/main/java/se/swedenconnect/opensaml/saml2/metadata/provider/StaticMetadataProvider.java
/Users/martin/dev/swedenconnect/opensaml/opensaml-addons/src/main/java/se/swedenconnect/opensaml/saml2/core/build/package-info.java
/Users/martin/dev/swedenconnect/opensaml/opensaml-addons/src/main/java/se/swedenconnect/opensaml/saml2/metadata/build/ExtensionsBuilder.java
/Users/martin/dev/swedenconnect/opensaml/opensaml-addons/src/main/java/se/swedenconnect/opensaml/saml2/metadata/AbstractMetadataContainer.java
/Users/martin/dev/swedenconnect/opensaml/opensaml-addons/src/main/java/se/swedenconnect/opensaml/saml2/metadata/EntitiesDescriptorContainer.java
/Users/martin/dev/swedenconnect/opensaml/opensaml-addons/src/main/java/se/swedenconnect/opensaml/saml2/assertion/validation/AbstractAttributeStatementValidator.java
/Users/martin/dev/swedenconnect/opensaml/opensaml-addons/src/main/java/se/swedenconnect/opensaml/saml2/metadata/provider/MDQRequestURLBuilder.java
/Users/martin/dev/swedenconnect/opensaml/opensaml-addons/src/main/java/se/swedenconnect/opensaml/saml2/metadata/HolderOfKeyMetadataSupport.java
/Users/martin/dev/swedenconnect/opensaml/opensaml-addons/src/main/java/se/swedenconnect/opensaml/common/utils/package-info.java
/Users/martin/dev/swedenconnect/opensaml/opensaml-addons/src/main/java/se/swedenconnect/opensaml/saml2/metadata/build/EncryptionMethodBuilder.java
/Users/martin/dev/swedenconnect/opensaml/opensaml-addons/src/main/java/se/swedenconnect/opensaml/common/validation/AbstractSignableObjectValidator.java
/Users/martin/dev/swedenconnect/opensaml/opensaml-addons/src/main/java/se/swedenconnect/opensaml/common/validation/ValidationSupport.java
/Users/martin/dev/swedenconnect/opensaml/opensaml-addons/src/main/java/se/swedenconnect/opensaml/saml2/metadata/package-info.java
/Users/martin/dev/swedenconnect/opensaml/opensaml-addons/src/main/java/se/swedenconnect/opensaml/saml2/metadata/EntityDescriptorUtils.java
/Users/martin/dev/swedenconnect/opensaml/opensaml-addons/src/main/java/se/swedenconnect/opensaml/saml2/metadata/scope/impl/ScopeMarshaller.java
