se/swedenconnect/opensaml/common/utils/LocalizedStringTest.class
se/swedenconnect/opensaml/OpenSAMLTestBase.class
se/swedenconnect/opensaml/saml2/metadata/provider/CompositeMetadataProviderTest.class
se/swedenconnect/opensaml/common/validation/AbstractSignableObjectValidatorTest.class
se/swedenconnect/opensaml/saml2/metadata/provider/FilesystemMetadataProviderTest.class
se/swedenconnect/opensaml/saml2/metadata/build/LogoBuilderTest.class
se/swedenconnect/opensaml/saml2/metadata/provider/HTTPMetadataProviderTest$MetadataResourceProvider.class
se/swedenconnect/opensaml/core/build/AuthnRequestBuilderTest.class
se/swedenconnect/opensaml/saml2/metadata/build/EntityDescriptorBuilderTest.class
se/swedenconnect/opensaml/saml2/metadata/provider/BaseMetadataProviderTest.class
se/swedenconnect/opensaml/saml2/metadata/build/ScopeBuilderTest.class
se/swedenconnect/opensaml/saml2/attribute/AttributeBuilderTest.class
se/swedenconnect/opensaml/saml2/metadata/build/UIInfoBuilderTest.class
se/swedenconnect/opensaml/TestWebServer.class
se/swedenconnect/opensaml/saml2/metadata/provider/ProxyMetadataProviderTest.class
se/swedenconnect/opensaml/saml2/metadata/provider/HTTPMetadataProviderTest.class
se/swedenconnect/opensaml/common/validation/AbstractSignableObjectValidatorTest$TestResponseValidator.class
se/swedenconnect/opensaml/TestWebServer$ResourceHandler.class
se/swedenconnect/opensaml/saml2/metadata/provider/StaticMetadataProviderTest.class
se/swedenconnect/opensaml/saml2/metadata/provider/HTTPMetadataProvider2Test.class
se/swedenconnect/opensaml/saml2/metadata/provider/MDQMetadataProviderTest$MDQProvider.class
se/swedenconnect/opensaml/saml2/attribute/AttributeUtilsTest.class
se/swedenconnect/opensaml/saml2/metadata/provider/MDQMetadataProviderTest$MDQHandler.class
se/swedenconnect/opensaml/saml2/metadata/scope/ScopeUtilsTest.class
se/swedenconnect/opensaml/common/builder/AbstractSAMLObjectBuilderTest$StatusCodeBuilder.class
se/swedenconnect/opensaml/TestWebServer$ResourceProvider.class
se/swedenconnect/opensaml/saml2/metadata/provider/MDQMetadataProviderTest.class
se/swedenconnect/opensaml/common/builder/AbstractSAMLObjectBuilderTest.class
