/Users/martin/dev/swedenconnect/opensaml/opensaml-addons/src/test/java/se/swedenconnect/opensaml/saml2/metadata/provider/HTTPMetadataProvider2Test.java
/Users/martin/dev/swedenconnect/opensaml/opensaml-addons/src/test/java/se/swedenconnect/opensaml/saml2/metadata/scope/ScopeUtilsTest.java
/Users/martin/dev/swedenconnect/opensaml/opensaml-addons/src/test/java/se/swedenconnect/opensaml/common/validation/AbstractSignableObjectValidatorTest.java
/Users/martin/dev/swedenconnect/opensaml/opensaml-addons/src/test/java/se/swedenconnect/opensaml/saml2/metadata/provider/BaseMetadataProviderTest.java
/Users/martin/dev/swedenconnect/opensaml/opensaml-addons/src/test/java/se/swedenconnect/opensaml/saml2/metadata/provider/StaticMetadataProviderTest.java
/Users/martin/dev/swedenconnect/opensaml/opensaml-addons/src/test/java/se/swedenconnect/opensaml/OpenSAMLTestBase.java
/Users/martin/dev/swedenconnect/opensaml/opensaml-addons/src/test/java/se/swedenconnect/opensaml/saml2/metadata/build/LogoBuilderTest.java
/Users/martin/dev/swedenconnect/opensaml/opensaml-addons/src/test/java/se/swedenconnect/opensaml/common/utils/LocalizedStringTest.java
/Users/martin/dev/swedenconnect/opensaml/opensaml-addons/src/test/java/se/swedenconnect/opensaml/saml2/metadata/build/EntityDescriptorBuilderTest.java
/Users/martin/dev/swedenconnect/opensaml/opensaml-addons/src/test/java/se/swedenconnect/opensaml/common/builder/AbstractSAMLObjectBuilderTest.java
/Users/martin/dev/swedenconnect/opensaml/opensaml-addons/src/test/java/se/swedenconnect/opensaml/saml2/attribute/AttributeUtilsTest.java
/Users/martin/dev/swedenconnect/opensaml/opensaml-addons/src/test/java/se/swedenconnect/opensaml/saml2/attribute/AttributeBuilderTest.java
/Users/martin/dev/swedenconnect/opensaml/opensaml-addons/src/test/java/se/swedenconnect/opensaml/saml2/metadata/provider/MDQMetadataProviderTest.java
/Users/martin/dev/swedenconnect/opensaml/opensaml-addons/src/test/java/se/swedenconnect/opensaml/saml2/metadata/provider/FilesystemMetadataProviderTest.java
/Users/martin/dev/swedenconnect/opensaml/opensaml-addons/src/test/java/se/swedenconnect/opensaml/saml2/metadata/build/ScopeBuilderTest.java
/Users/martin/dev/swedenconnect/opensaml/opensaml-addons/src/test/java/se/swedenconnect/opensaml/TestWebServer.java
/Users/martin/dev/swedenconnect/opensaml/opensaml-addons/src/test/java/se/swedenconnect/opensaml/saml2/metadata/provider/CompositeMetadataProviderTest.java
/Users/martin/dev/swedenconnect/opensaml/opensaml-addons/src/test/java/se/swedenconnect/opensaml/saml2/metadata/build/UIInfoBuilderTest.java
/Users/martin/dev/swedenconnect/opensaml/opensaml-addons/src/test/java/se/swedenconnect/opensaml/saml2/metadata/provider/ProxyMetadataProviderTest.java
/Users/martin/dev/swedenconnect/opensaml/opensaml-addons/src/test/java/se/swedenconnect/opensaml/saml2/metadata/provider/HTTPMetadataProviderTest.java
/Users/martin/dev/swedenconnect/opensaml/opensaml-addons/src/test/java/se/swedenconnect/opensaml/core/build/AuthnRequestBuilderTest.java
